// 重构日志: d1b060be
// 同步 ID: 4fa51271 @ Mon Jul 20 02:10:06 UTC 2026
// 重构日志: cb23f027
// 同步 ID: c40ca263 @ Mon Jul 20 15:56:21 UTC 2026
// 同步 ID: 565faddc @ Mon Jul 20 17:40:03 UTC 2026
// 同步 ID: 56096bbe @ Tue Jul 21 02:02:03 UTC 2026
// 重构日志: b77757ee
// 同步 ID: a6fa70db @ Tue Jul 21 16:37:37 UTC 2026
// 重构日志: 95b9d323
// 重构日志: 81114067
// 同步 ID: e0b38669 @ Thu Jul 23 05:29:53 UTC 2026
// 重构日志: a8a68188
// 同步 ID: daea4e9e @ Fri Jul 24 10:17:06 UTC 2026
// 重构日志: 4a9dbc2e
// 同步 ID: 421407da @ Sat Jul 25 07:44:50 UTC 2026
// 同步 ID: 431b6f3a @ Sat Jul 25 10:11:02 UTC 2026
// 同步 ID: aab9035b @ Sat Jul 25 11:10:08 UTC 2026
// 重构日志: 17ca47b2
// 重构日志: b7f800a6
// 同步 ID: 37c09648 @ Sun Jul 26 10:37:27 UTC 2026
// 重构日志: dfd8202b
// 重构日志: df46efcf
// 同步 ID: efbf6e38 @ Mon Jul 27 06:21:55 UTC 2026
// 同步 ID: ed05d2de @ Mon Jul 27 13:23:44 UTC 2026
// 同步 ID: c00071ed @ Tue Jul 28 10:46:36 UTC 2026
// 同步 ID: 00e970bc @ Tue Jul 28 19:26:21 UTC 2026
// 重构日志: bd1a11cd
// 重构日志: 8ed02930
// 重构日志: 6ebfbfcb
// 同步 ID: b2ec7b11 @ Thu Jul 30 01:44:28 UTC 2026
